[heap-cycle 2026-07-30T21:07:36.914Z] layout UI → 4 (li=0)
[heap-cycle 2026-07-30T21:07:50.444Z] datasets mode=distinct observed=4/4 [A:677@1m(2011) B:673@5m(1596) C:670@15m(1911) D:669@1h(495)]
[heap-cycle-po-workload 2026-07-30T21:07:50.448Z] arm panel A: wait ready
[heap-cycle-po-workload 2026-07-30T21:07:50.583Z] arm panel A: ok=true ind=4 replay=true playing=true
[heap-cycle-po-workload 2026-07-30T21:07:50.583Z] arm panel B: wait ready
[heap-cycle-po-workload 2026-07-30T21:07:54.098Z] arm panel B: ok=true ind=4 replay=true playing=true
[heap-cycle-po-workload 2026-07-30T21:07:54.100Z] arm panel C: wait ready
[heap-cycle-po-workload 2026-07-30T21:07:54.666Z] arm panel C: ok=true ind=4 replay=true playing=true
[heap-cycle-po-workload 2026-07-30T21:07:54.666Z] arm panel D: wait ready
[heap-cycle-po-workload 2026-07-30T21:08:01.488Z] arm panel D: ok=false ind=4 replay=true playing=false
[heap-cycle-po-workload 2026-07-30T21:08:01.527Z] order ok=true openCount=1
[heap-cycle-po-workload 2026-07-30T21:08:09.642Z] play hold done observedPlaying=4
[ewa] build={"scriptVersion":"20260730b113","href":"http://31.97.192.82:3000/chart/dist-v9/index.html?mode=backtest&mcLayout=1"} conf01=true
[ewa] instrumented 4 realms: 6w,6w,6w,6w
[ewa] GATE-01 synthetic writer installed in 4 realms at 40/5s
[ewa] #1 0.2min elements=5629 pre=4883 closed=2 advancing=4 top=ewaSyntheticLeakWriter@pptr:;CdpFrame.%3Canonymous%3E%20c%3A%5CUsers%5Cuser%5CDesktop%5Ctalaria1%5Cfull-talaria-log--main%5Cchart%20v%201.4%5Cchart%5Cmultichart-prod%5Charness%5Cnode_modules%5Cpuppeteer-core%5Clib%5Ccjs%5Cpuppeteer%5Cutil%5Cdecorators.js%3A109%3A27:12:320 R3@talaria-v9-live.js:40:191
[ewa] #2 1.2min elements=7484 pre=4883 closed=3 advancing=4 top=ewaSyntheticLeakWriter@pptr:;CdpFrame.%3Canonymous%3E%20c%3A%5CUsers%5Cuser%5CDesktop%5Ctalaria1%5Cfull-talaria-log--main%5Cchart%20v%201.4%5Cchart%5Cmultichart-prod%5Charness%5Cnode_modules%5Cpuppeteer-core%5Clib%5Ccjs%5Cpuppeteer%5Cutil%5Cdecorators.js%3A109%3A27:12:2080 R3@talaria-v9-live.js:40:280
[ewa] #3 2.1min elements=9367 pre=4883 closed=6 advancing=4 top=ewaSyntheticLeakWriter@pptr:;CdpFrame.%3Canonymous%3E%20c%3A%5CUsers%5Cuser%5CDesktop%5Ctalaria1%5Cfull-talaria-log--main%5Cchart%20v%201.4%5Cchart%5Cmultichart-prod%5Charness%5Cnode_modules%5Cpuppeteer-core%5Clib%5Ccjs%5Cpuppeteer%5Cutil%5Cdecorators.js%3A109%3A27:12:3840 R3@talaria-v9-live.js:40:367
[ewa] #4 3.1min elements=11419 pre=4883 closed=9 advancing=4 top=ewaSyntheticLeakWriter@pptr:;CdpFrame.%3Canonymous%3E%20c%3A%5CUsers%5Cuser%5CDesktop%5Ctalaria1%5Cfull-talaria-log--main%5Cchart%20v%201.4%5Cchart%5Cmultichart-prod%5Charness%5Cnode_modules%5Cpuppeteer-core%5Clib%5Ccjs%5Cpuppeteer%5Cutil%5Cdecorators.js%3A109%3A27:12:5760 R3@talaria-v9-live.js:40:454
[ewa] #5 4.2min elements=13662 pre=4883 closed=12 advancing=4 top=ewaSyntheticLeakWriter@pptr:;CdpFrame.%3Canonymous%3E%20c%3A%5CUsers%5Cuser%5CDesktop%5Ctalaria1%5Cfull-talaria-log--main%5Cchart%20v%201.4%5Cchart%5Cmultichart-prod%5Charness%5Cnode_modules%5Cpuppeteer-core%5Clib%5Ccjs%5Cpuppeteer%5Cutil%5Cdecorators.js%3A109%3A27:12:7840 R3@talaria-v9-live.js:40:542
[ewa] #6 5.2min elements=15628 pre=4883 closed=15 advancing=4 top=ewaSyntheticLeakWriter@pptr:;CdpFrame.%3Canonymous%3E%20c%3A%5CUsers%5Cuser%5CDesktop%5Ctalaria1%5Cfull-talaria-log--main%5Cchart%20v%201.4%5Cchart%5Cmultichart-prod%5Charness%5Cnode_modules%5Cpuppeteer-core%5Clib%5Ccjs%5Cpuppeteer%5Cutil%5Cdecorators.js%3A109%3A27:12:9760 R3@talaria-v9-live.js:40:628
[ewa] #7 6.1min elements=17518 pre=4883 closed=19 advancing=4 top=ewaSyntheticLeakWriter@pptr:;CdpFrame.%3Canonymous%3E%20c%3A%5CUsers%5Cuser%5CDesktop%5Ctalaria1%5Cfull-talaria-log--main%5Cchart%20v%201.4%5Cchart%5Cmultichart-prod%5Charness%5Cnode_modules%5Cpuppeteer-core%5Clib%5Ccjs%5Cpuppeteer%5Cutil%5Cdecorators.js%3A109%3A27:12:11520 R3@talaria-v9-live.js:40:714
[ewa] #8 7.1min elements=19497 pre=4883 closed=22 advancing=4 top=ewaSyntheticLeakWriter@pptr:;CdpFrame.%3Canonymous%3E%20c%3A%5CUsers%5Cuser%5CDesktop%5Ctalaria1%5Cfull-talaria-log--main%5Cchart%20v%201.4%5Cchart%5Cmultichart-prod%5Charness%5Cnode_modules%5Cpuppeteer-core%5Clib%5Ccjs%5Cpuppeteer%5Cutil%5Cdecorators.js%3A109%3A27:12:13440 R3@talaria-v9-live.js:40:801
[ewa] #9 8.2min elements=21649 pre=4883 closed=24 advancing=4 top=ewaSyntheticLeakWriter@pptr:;CdpFrame.%3Canonymous%3E%20c%3A%5CUsers%5Cuser%5CDesktop%5Ctalaria1%5Cfull-talaria-log--main%5Cchart%20v%201.4%5Cchart%5Cmultichart-prod%5Charness%5Cnode_modules%5Cpuppeteer-core%5Clib%5Ccjs%5Cpuppeteer%5Cutil%5Cdecorators.js%3A109%3A27:12:15520 R3@talaria-v9-live.js:40:889
[ewa] #10 9.1min elements=23535 pre=4883 closed=28 advancing=4 top=ewaSyntheticLeakWriter@pptr:;CdpFrame.%3Canonymous%3E%20c%3A%5CUsers%5Cuser%5CDesktop%5Ctalaria1%5Cfull-talaria-log--main%5Cchart%20v%201.4%5Cchart%5Cmultichart-prod%5Charness%5Cnode_modules%5Cpuppeteer-core%5Clib%5Ccjs%5Cpuppeteer%5Cutil%5Cdecorators.js%3A109%3A27:12:17280 R3@talaria-v9-live.js:40:975
[ewa] #11 10.1min elements=25542 pre=4883 closed=31 advancing=4 top=ewaSyntheticLeakWriter@pptr:;CdpFrame.%3Canonymous%3E%20c%3A%5CUsers%5Cuser%5CDesktop%5Ctalaria1%5Cfull-talaria-log--main%5Cchart%20v%201.4%5Cchart%5Cmultichart-prod%5Charness%5Cnode_modules%5Cpuppeteer-core%5Clib%5Ccjs%5Cpuppeteer%5Cutil%5Cdecorators.js%3A109%3A27:12:19200 R3@talaria-v9-live.js:40:1062
[ewa] #12 11.2min elements=27880 pre=4883 closed=33 advancing=4 top=ewaSyntheticLeakWriter@pptr:;CdpFrame.%3Canonymous%3E%20c%3A%5CUsers%5Cuser%5CDesktop%5Ctalaria1%5Cfull-talaria-log--main%5Cchart%20v%201.4%5Cchart%5Cmultichart-prod%5Charness%5Cnode_modules%5Cpuppeteer-core%5Clib%5Ccjs%5Cpuppeteer%5Cutil%5Cdecorators.js%3A109%3A27:12:21440 R3@talaria-v9-live.js:40:1150
[ewa] #13 12.1min elements=29592 pre=4883 closed=37 advancing=4 top=ewaSyntheticLeakWriter@pptr:;CdpFrame.%3Canonymous%3E%20c%3A%5CUsers%5Cuser%5CDesktop%5Ctalaria1%5Cfull-talaria-log--main%5Cchart%20v%201.4%5Cchart%5Cmultichart-prod%5Charness%5Cnode_modules%5Cpuppeteer-core%5Clib%5Ccjs%5Cpuppeteer%5Cutil%5Cdecorators.js%3A109%3A27:12:23040 R3@talaria-v9-live.js:40:1236
[ewa] #14 13.1min elements=31616 pre=4883 closed=40 advancing=4 top=ewaSyntheticLeakWriter@pptr:;CdpFrame.%3Canonymous%3E%20c%3A%5CUsers%5Cuser%5CDesktop%5Ctalaria1%5Cfull-talaria-log--main%5Cchart%20v%201.4%5Cchart%5Cmultichart-prod%5Charness%5Cnode_modules%5Cpuppeteer-core%5Clib%5Ccjs%5Cpuppeteer%5Cutil%5Cdecorators.js%3A109%3A27:12:24960 R3@talaria-v9-live.js:40:1323
[ewa] #15 14.1min elements=33630 pre=4883 closed=43 advancing=4 top=ewaSyntheticLeakWriter@pptr:;CdpFrame.%3Canonymous%3E%20c%3A%5CUsers%5Cuser%5CDesktop%5Ctalaria1%5Cfull-talaria-log--main%5Cchart%20v%201.4%5Cchart%5Cmultichart-prod%5Charness%5Cnode_modules%5Cpuppeteer-core%5Clib%5Ccjs%5Cpuppeteer%5Cutil%5Cdecorators.js%3A109%3A27:12:26880 R3@talaria-v9-live.js:40:1410
[ewa] #16 15.2min elements=35689 pre=4883 closed=46 advancing=4 top=ewaSyntheticLeakWriter@pptr:;CdpFrame.%3Canonymous%3E%20c%3A%5CUsers%5Cuser%5CDesktop%5Ctalaria1%5Cfull-talaria-log--main%5Cchart%20v%201.4%5Cchart%5Cmultichart-prod%5Charness%5Cnode_modules%5Cpuppeteer-core%5Clib%5Ccjs%5Cpuppeteer%5Cutil%5Cdecorators.js%3A109%3A27:12:28840 R3@talaria-v9-live.js:40:1497
[ewa] #17 16.1min elements=37695 pre=4883 closed=49 advancing=4 top=ewaSyntheticLeakWriter@pptr:;CdpFrame.%3Canonymous%3E%20c%3A%5CUsers%5Cuser%5CDesktop%5Ctalaria1%5Cfull-talaria-log--main%5Cchart%20v%201.4%5Cchart%5Cmultichart-prod%5Charness%5Cnode_modules%5Cpuppeteer-core%5Clib%5Ccjs%5Cpuppeteer%5Cutil%5Cdecorators.js%3A109%3A27:12:30760 R3@talaria-v9-live.js:40:1584
[ewa] #18 17.2min elements=39824 pre=4883 closed=52 advancing=4 top=ewaSyntheticLeakWriter@pptr:;CdpFrame.%3Canonymous%3E%20c%3A%5CUsers%5Cuser%5CDesktop%5Ctalaria1%5Cfull-talaria-log--main%5Cchart%20v%201.4%5Cchart%5Cmultichart-prod%5Charness%5Cnode_modules%5Cpuppeteer-core%5Clib%5Ccjs%5Cpuppeteer%5Cutil%5Cdecorators.js%3A109%3A27:12:32800 R3@talaria-v9-live.js:40:1671
[ewa] #19 18.2min elements=41741 pre=4883 closed=55 advancing=4 top=ewaSyntheticLeakWriter@pptr:;CdpFrame.%3Canonymous%3E%20c%3A%5CUsers%5Cuser%5CDesktop%5Ctalaria1%5Cfull-talaria-log--main%5Cchart%20v%201.4%5Cchart%5Cmultichart-prod%5Charness%5Cnode_modules%5Cpuppeteer-core%5Clib%5Ccjs%5Cpuppeteer%5Cutil%5Cdecorators.js%3A109%3A27:12:34600 R3@talaria-v9-live.js:40:1758
[ewa] #20 19.1min elements=43724 pre=4883 closed=58 advancing=4 top=ewaSyntheticLeakWriter@pptr:;CdpFrame.%3Canonymous%3E%20c%3A%5CUsers%5Cuser%5CDesktop%5Ctalaria1%5Cfull-talaria-log--main%5Cchart%20v%201.4%5Cchart%5Cmultichart-prod%5Charness%5Cnode_modules%5Cpuppeteer-core%5Clib%5Ccjs%5Cpuppeteer%5Cutil%5Cdecorators.js%3A109%3A27:12:36480 R3@talaria-v9-live.js:40:1845
[ewa] #21 20.1min elements=45719 pre=4883 closed=61 advancing=4 top=ewaSyntheticLeakWriter@pptr:;CdpFrame.%3Canonymous%3E%20c%3A%5CUsers%5Cuser%5CDesktop%5Ctalaria1%5Cfull-talaria-log--main%5Cchart%20v%201.4%5Cchart%5Cmultichart-prod%5Charness%5Cnode_modules%5Cpuppeteer-core%5Clib%5Ccjs%5Cpuppeteer%5Cutil%5Cdecorators.js%3A109%3A27:12:38400 R3@talaria-v9-live.js:40:1932
[ewa] #22 21.1min elements=47762 pre=4883 closed=64 advancing=4 top=ewaSyntheticLeakWriter@pptr:;CdpFrame.%3Canonymous%3E%20c%3A%5CUsers%5Cuser%5CDesktop%5Ctalaria1%5Cfull-talaria-log--main%5Cchart%20v%201.4%5Cchart%5Cmultichart-prod%5Charness%5Cnode_modules%5Cpuppeteer-core%5Clib%5Ccjs%5Cpuppeteer%5Cutil%5Cdecorators.js%3A109%3A27:12:40320 R3@talaria-v9-live.js:40:2019
[ewa] #23 22.1min elements=49788 pre=4883 closed=67 advancing=4 top=ewaSyntheticLeakWriter@pptr:;CdpFrame.%3Canonymous%3E%20c%3A%5CUsers%5Cuser%5CDesktop%5Ctalaria1%5Cfull-talaria-log--main%5Cchart%20v%201.4%5Cchart%5Cmultichart-prod%5Charness%5Cnode_modules%5Cpuppeteer-core%5Clib%5Ccjs%5Cpuppeteer%5Cutil%5Cdecorators.js%3A109%3A27:12:42240 R3@talaria-v9-live.js:40:2106
[ewa] #24 23.1min elements=51788 pre=4883 closed=70 advancing=4 top=ewaSyntheticLeakWriter@pptr:;CdpFrame.%3Canonymous%3E%20c%3A%5CUsers%5Cuser%5CDesktop%5Ctalaria1%5Cfull-talaria-log--main%5Cchart%20v%201.4%5Cchart%5Cmultichart-prod%5Charness%5Cnode_modules%5Cpuppeteer-core%5Clib%5Ccjs%5Cpuppeteer%5Cutil%5Cdecorators.js%3A109%3A27:12:44160 R3@talaria-v9-live.js:40:2193
[ewa] #25 24.1min elements=53804 pre=4883 closed=73 advancing=4 top=ewaSyntheticLeakWriter@pptr:;CdpFrame.%3Canonymous%3E%20c%3A%5CUsers%5Cuser%5CDesktop%5Ctalaria1%5Cfull-talaria-log--main%5Cchart%20v%201.4%5Cchart%5Cmultichart-prod%5Charness%5Cnode_modules%5Cpuppeteer-core%5Clib%5Ccjs%5Cpuppeteer%5Cutil%5Cdecorators.js%3A109%3A27:12:46080 R3@talaria-v9-live.js:40:2280
[ewa] GATE-01: PASS: the planted leaking writer is named and ranked first
[ewa] total elements 120954.513/h [120823.161,121085.864]
[ewa]   5224.289/h  28.695/trade  191->2280  R3@talaria-v9-live.js:40 < O_@talaria-v9-live.js:40 < R_@talaria-v9-live.js:40
[ewa]   359.929/h  1.978/trade  4->146  SVGDefsElement.<anonymous>@d3.min.js:2 < SVGDefsElement.<anonymous>@d3.min.js:2 < Vn.select@d3.min.js:2
[ewa]   359.929/h  1.978/trade  4->146  SVGFilterElement.<anonymous>@d3.min.js:2 < SVGFilterElement.<anonymous>@d3.min.js:2 < Vn.select@d3.min.js:2
[ewa]   19.383/h  0.107/trade  0->8  talariaAppendIndicatorLegendRow@indicator-ui.js:3071 < ?@indicator-ui.js:3165 < talariaRebuildOhlcIndicatorLegend@indicator-ui.js:3160
[ewa]   17.902/h  0.098/trade  0->8  talariaAppendIndicatorLegendRow@indicator-ui.js:2994 < ?@indicator-ui.js:3165 < talariaRebuildOhlcIndicatorLegend@indicator-ui.js:3160
[ewa] ranked by PER CLOSED TRADE:
[ewa]   28.695/trade CI[28.421,28.968]  191->2280  R3@talaria-v9-live.js:40 < O_@talaria-v9-live.js:40 < R_@talaria-v9-live.js:40
[ewa]   1.978/trade CI[1.964,1.991]  4->146  SVGDefsElement.<anonymous>@d3.min.js:2 < SVGDefsElement.<anonymous>@d3.min.js:2 < Vn.select@d3.min.js:2
[ewa]   1.978/trade CI[1.964,1.991]  4->146  SVGFilterElement.<anonymous>@d3.min.js:2 < SVGFilterElement.<anonymous>@d3.min.js:2 < Vn.select@d3.min.js:2
[ewa]   0.107/trade CI[0.056,0.158]  0->8  talariaAppendIndicatorLegendRow@indicator-ui.js:3071 < ?@indicator-ui.js:3165 < talariaRebuildOhlcIndicatorLegend@indicator-ui.js:3160
[ewa]   0.098/trade CI[0.049,0.148]  0->8  talariaAppendIndicatorLegendRow@indicator-ui.js:2994 < ?@indicator-ui.js:3165 < talariaRebuildOhlcIndicatorLegend@indicator-ui.js:3160
